                                              Floor 0   
                                               
                                               
                                               Gate
                                                |
                                                |   
                                                |
                                             Driveway                                                                                                                  Ladder(UP)
                                                |                                                                                                                         |
                                                |                                                                                                                         |
                                            Front Door                                                                                                                 Walkway ---------- Shed
                                                |                                               Living Room --------- Patio Door ------------------- Patio                |
   Garage ----------- Hallway -------- Grand Entry Room ------------------ Dining Room              |                                                  |                  |
                    /                           |                               |                   |                                                  |                  |
                   /                            |                               |                   |                                                  |                  |
                Office                  /   Stairs(DOWN)  \                  Kitchen ------------ Hallway ---------- Hallway ------ Back Door ----- Walkway ---------- Walkway
                                       /                   \                    |                                       |                              |
                                    Stairs(UP)           Stairs(UP)             |                                       |                              |
                                                                             Pantry                                     |                              |
                                                                                                                      Closet                           |
                                                                                                                                                       | 
                                                                                                                                                      Garden